(base) PS C:\Users\DELL\Desktop\app2>  git add webapp/package.json
fatal: Pathspec 'webapp/package.json' is in submodule 'webapp'
(base) PS C:\Users\DELL\Desktop\app2>   git commit -m "Fix: Use standard cp command in prebuild script for Vercel"
On branch main
Your branch is up to date with 'origin/main'.

Changes not staged for commit:
  (use "git add/rm <file>..." to update what will be committed)
  (use "git restore <file>..." to discard changes in working directory)
        deleted:    gitstatue.txt
        modified:   page.png

Untracked files:
  (use "git add <file>..." to include in what will be committed)
        git.txt
        logs.txt

no changes added to commit (use "git add" and/or "git commit -a")
(base) PS C:\Users\DELL\Desktop\app2> git push -u origin main
To https://github.com/amouradore/app-web-vercel.git
 ! [rejected]        main -> main (fetch first)
error: failed to push some refs to 'https://github.com/amouradore/app-web-vercel.git'
hint: Updates were rejected because the remote contains work that you do not
hint: have locally. This is usually caused by another repository pushing to
hint: the same ref. If you want to integrate the remote changes, use
hint: 'git pull' before pushing again.
hint: See the 'Note about fast-forwards' in 'git push --help' for details.
(base) PS C:\Users\DELL\Desktop\app2>
